[02:44:18] [INIT] KubeJS 2001.6.5-build.26; MC 2001 forge
[02:44:18] [INIT] Loaded plugins:
[02:44:18] [INIT] - dev.latvian.mods.kubejs.forge.BuiltinKubeJSForgePlugin
[02:44:18] [INIT] - net.threetag.palladium.compat.kubejs.PalladiumKubeJSPlugin
[02:44:18] [INIT] - com.evandev.fieldguide.compat.kubejs.FieldGuideKubeJSPlugin
[02:44:19] [INFO] example.js#5: Hello, World! (Loaded startup scripts)
[02:44:19] [INFO] Loaded script startup_scripts:example.js in 0.072 s
[02:44:19] [INFO] Loaded script addonpack_fsang_hero:kubejs_scripts/x_ray_vision_ability.js in 0.021 s
[02:44:19] [INFO] Loaded script addonpack_fsang_hero:kubejs_scripts/xgene_manipulation.js in 0.008 s
[02:44:19] [INFO] Loaded script addonpack_fsang_hero:kubejs_scripts/worthy_ability.js in 0.004 s
[02:44:19] [INFO] addonpack_fsang_hero:kubejs_scripts/web_swing.js#2: Loaded Java class 'net.minecraft.network.protocol.game.ClientboundSetEntityMotionPacket'
[02:44:19] [INFO] Loaded script addonpack_fsang_hero:kubejs_scripts/web_swing.js in 0.031 s
[02:44:19] [INFO] Loaded script addonpack_fsang_hero:kubejs_scripts/wall_climb_move_condition.js in 0.001 s
[02:44:19] [INFO] Loaded script addonpack_fsang_hero:kubejs_scripts/wall_climb_condition.js in 0.001 s
[02:44:19] [INFO] addonpack_fsang_hero:kubejs_scripts/wall_climb.js#1: Loaded Java class 'net.minecraft.world.level.ClipContext'
[02:44:19] [INFO] Loaded script addonpack_fsang_hero:kubejs_scripts/wall_climb.js in 0.011 s
[02:44:19] [INFO] Loaded script addonpack_fsang_hero:kubejs_scripts/vulcan_shield2.js in 0.001 s
[02:44:19] [INFO] Loaded script addonpack_fsang_hero:kubejs_scripts/vulcan_shield1.js in 0.001 s
[02:44:19] [INFO] Loaded script addonpack_fsang_hero:kubejs_scripts/vulcan_overload.js in 0.001 s
[02:44:19] [INFO] Loaded script addonpack_fsang_hero:kubejs_scripts/viltrumite_skeleton.js in 0.004 s
[02:44:19] [INFO] Loaded script addonpack_fsang_hero:kubejs_scripts/uncontrollable_movement.js in 0.001 s
[02:44:19] [INFO] Loaded script addonpack_fsang_hero:kubejs_scripts/trident.js in 0.001 s
[02:44:19] [INFO] addonpack_fsang_hero:kubejs_scripts/transfer_property_raycast.js#2: Loaded Java class 'net.minecraft.world.entity.LivingEntity'
[02:44:19] [INFO] Loaded script addonpack_fsang_hero:kubejs_scripts/transfer_property_raycast.js in 0.13 s
[02:44:19] [INFO] Loaded script addonpack_fsang_hero:kubejs_scripts/totem_animation.js in 0.002 s
[02:44:19] [INFO] Loaded script addonpack_fsang_hero:kubejs_scripts/time_effect.js in 0.0 s
[02:44:19] [INFO] Loaded script addonpack_fsang_hero:kubejs_scripts/time_condition.js in 0.001 s
[02:44:19] [INFO] Loaded script addonpack_fsang_hero:kubejs_scripts/the_void.js in 0.001 s
[02:44:19] [INFO] Loaded script addonpack_fsang_hero:kubejs_scripts/tellraw_ability.js in 0.001 s
[02:44:19] [INFO] Loaded script addonpack_fsang_hero:kubejs_scripts/teleport_ability2.js in 0.001 s
[02:44:19] [INFO] Loaded script addonpack_fsang_hero:kubejs_scripts/teleport_ability.js in 0.001 s
[02:44:19] [INFO] Loaded script addonpack_fsang_hero:kubejs_scripts/telepathy_stop.js in 0.0 s
[02:44:19] [INFO] Loaded script addonpack_fsang_hero:kubejs_scripts/telekinesis.js in 0.042 s
[02:44:19] [INFO] Loaded script addonpack_fsang_hero:kubejs_scripts/tactile_telekinesis_stun.js in 0.003 s
[02:44:19] [INFO] Loaded script addonpack_fsang_hero:kubejs_scripts/symbiote_xenocive_dna.js in 0.004 s
[02:44:19] [INFO] Loaded script addonpack_fsang_hero:kubejs_scripts/symbiote_venom_dna.js in 0.001 s
[02:44:19] [INFO] Loaded script addonpack_fsang_hero:kubejs_scripts/symbiote_toxin_dna.js in 0.001 s
[02:44:19] [INFO] Loaded script addonpack_fsang_hero:kubejs_scripts/symbiote_thorn_dna.js in 0.001 s
[02:44:19] [INFO] Loaded script addonpack_fsang_hero:kubejs_scripts/symbiote_tempest_dna.js in 0.0 s
[02:44:19] [INFO] Loaded script addonpack_fsang_hero:kubejs_scripts/symbiote_strain_dna.js in 0.002 s
[02:44:19] [INFO] Loaded script addonpack_fsang_hero:kubejs_scripts/symbiote_sprain_dna.js in 0.001 s
[02:44:19] [INFO] Loaded script addonpack_fsang_hero:kubejs_scripts/symbiote_sleeper_dna.js in 0.001 s
[02:44:19] [INFO] Loaded script addonpack_fsang_hero:kubejs_scripts/symbiote_sickness.js in 0.0 s
[02:44:19] [INFO] Loaded script addonpack_fsang_hero:kubejs_scripts/symbiote_scream_dna.js in 0.001 s
[02:44:19] [INFO] Loaded script addonpack_fsang_hero:kubejs_scripts/symbiote_scorn_dna.js in 0.001 s
[02:44:19] [INFO] Loaded script addonpack_fsang_hero:kubejs_scripts/symbiote_riot_dna.js in 0.001 s
[02:44:19] [INFO] Loaded script addonpack_fsang_hero:kubejs_scripts/symbiote_reaper_dna.js in 0.001 s
[02:44:19] [INFO] Loaded script addonpack_fsang_hero:kubejs_scripts/symbiote_phage_dna.js in 0.0 s
[02:44:19] [INFO] Loaded script addonpack_fsang_hero:kubejs_scripts/symbiote_montechiari_dna.js in 0.0 s
[02:44:19] [INFO] Loaded script addonpack_fsang_hero:kubejs_scripts/symbiote_misery_dna.js in 0.001 s
[02:44:19] [INFO] Loaded script addonpack_fsang_hero:kubejs_scripts/symbiote_lasher_dna.js in 0.006 s
[02:44:19] [INFO] Loaded script addonpack_fsang_hero:kubejs_scripts/symbiote_inumis_dna.js in 0.0 s
[02:44:19] [INFO] Loaded script addonpack_fsang_hero:kubejs_scripts/symbiote_hybrid_dna.js in 0.001 s
[02:44:19] [INFO] Loaded script addonpack_fsang_hero:kubejs_scripts/symbiote_host_rider_dna.js in 0.001 s
[02:44:19] [INFO] Loaded script addonpack_fsang_hero:kubejs_scripts/symbiote_grendel_dna.js in 0.001 s
[02:44:19] [INFO] Loaded script addonpack_fsang_hero:kubejs_scripts/symbiote_fang_dna.js in 0.0 s
[02:44:19] [INFO] Loaded script addonpack_fsang_hero:kubejs_scripts/symbiote_fallout_dna.js in 0.0 s
[02:44:19] [INFO] Loaded script addonpack_fsang_hero:kubejs_scripts/symbiote_enhancement.js in 0.0 s
[02:44:19] [INFO] Loaded script addonpack_fsang_hero:kubejs_scripts/symbiote_empty_dna.js in 0.0 s
[02:44:19] [INFO] Loaded script addonpack_fsang_hero:kubejs_scripts/symbiote_death_angel_dna.js in 0.001 s
[02:44:19] [INFO] Loaded script addonpack_fsang_hero:kubejs_scripts/symbiote_curse_dna.js in 0.001 s
[02:44:19] [INFO] Loaded script addonpack_fsang_hero:kubejs_scripts/symbiote_carnage_dna.js in 0.003 s
[02:44:19] [INFO] Loaded script addonpack_fsang_hero:kubejs_scripts/symbiote_bloom_dna.js in 0.001 s
[02:44:19] [INFO] Loaded script addonpack_fsang_hero:kubejs_scripts/symbiote_blackout_dna.js in 0.0 s
[02:44:19] [INFO] Loaded script addonpack_fsang_hero:kubejs_scripts/symbiote_authority_dna.js in 0.0 s
[02:44:19] [INFO] Loaded script addonpack_fsang_hero:kubejs_scripts/symbiote_artificial_venom_dna.js in 0.001 s
[02:44:19] [INFO] Loaded script addonpack_fsang_hero:kubejs_scripts/symbiote_artificial_toxin_dna.js in 0.0 s
[02:44:19] [INFO] Loaded script addonpack_fsang_hero:kubejs_scripts/symbiote_artificial_sleeper_dna.js in 0.001 s
[02:44:19] [INFO] Loaded script addonpack_fsang_hero:kubejs_scripts/symbiote_artificial_scream_dna.js in 0.0 s
[02:44:19] [INFO] Loaded script addonpack_fsang_hero:kubejs_scripts/symbiote_artificial_scorn_dna.js in 0.001 s
[02:44:19] [INFO] Loaded script addonpack_fsang_hero:kubejs_scripts/symbiote_artificial_riot_dna.js in 0.0 s
[02:44:19] [INFO] Loaded script addonpack_fsang_hero:kubejs_scripts/symbiote_artificial_phage_dna.js in 0.0 s
[02:44:19] [INFO] Loaded script addonpack_fsang_hero:kubejs_scripts/symbiote_artificial_lasher_dna.js in 0.001 s
[02:44:19] [INFO] Loaded script addonpack_fsang_hero:kubejs_scripts/symbiote_artificial_carnage_dna.js in 0.001 s
[02:44:19] [INFO] Loaded script addonpack_fsang_hero:kubejs_scripts/symbiote_artificial_agony_dna.js in 0.001 s
[02:44:19] [INFO] Loaded script addonpack_fsang_hero:kubejs_scripts/symbiote_aquamarine_dna.js in 0.0 s
[02:44:19] [INFO] Loaded script addonpack_fsang_hero:kubejs_scripts/symbiote_agony_dna.js in 0.0 s
[02:44:19] [INFO] Loaded script addonpack_fsang_hero:kubejs_scripts/suffocation.js in 0.002 s
[02:44:19] [INFO] Loaded script addonpack_fsang_hero:kubejs_scripts/stealth_tag.js in 0.001 s
[02:44:19] [INFO] Loaded script addonpack_fsang_hero:kubejs_scripts/speed_transfer_effect.js in 0.001 s
[02:44:19] [INFO] Loaded script addonpack_fsang_hero:kubejs_scripts/speed_power.js in 0.002 s
[02:44:19] [INFO] Loaded script addonpack_fsang_hero:kubejs_scripts/speedforce_chemicals.js in 0.0 s
[02:44:19] [INFO] Loaded script addonpack_fsang_hero:kubejs_scripts/sound_poisoning.js in 0.0 s
[02:44:19] [INFO] Loaded script addonpack_fsang_hero:kubejs_scripts/slow_time_effect.js in 0.001 s
[02:44:19] [INFO] Loaded script addonpack_fsang_hero:kubejs_scripts/shock.js in 0.0 s
[02:44:19] [INFO] Loaded script addonpack_fsang_hero:kubejs_scripts/screen_shake.js in 0.003 s
[02:44:19] [INFO] Loaded script addonpack_fsang_hero:kubejs_scripts/screenshot.js in 0.003 s
[02:44:19] [INFO] addonpack_fsang_hero:kubejs_scripts/scourge_virus.js#3: Loaded Java class 'net.minecraft.world.item.alchemy.PotionBrewing'
[02:44:19] [INFO] addonpack_fsang_hero:kubejs_scripts/scourge_virus.js#4: Loaded Java class 'net.minecraft.world.item.alchemy.Potions'
[02:44:19] [INFO] addonpack_fsang_hero:kubejs_scripts/scourge_virus.js#5: Loaded Java class 'net.minecraft.world.item.alchemy.Potion'
[02:44:19] [INFO] addonpack_fsang_hero:kubejs_scripts/scourge_virus.js#6: Loaded Java class 'net.minecraft.world.item.Item'
[02:44:19] [INFO] addonpack_fsang_hero:kubejs_scripts/scourge_virus.js#7: Loaded Java class 'net.minecraft.core.registries.BuiltInRegistries'
[02:44:19] [INFO] addonpack_fsang_hero:kubejs_scripts/scourge_virus.js#8: Loaded Java class 'net.minecraft.resources.ResourceLocation'
[02:44:19] [INFO] addonpack_fsang_hero:kubejs_scripts/scourge_virus.js#9: Loaded Java class 'dev.latvian.mods.kubejs.misc.PotionBuilder'
[02:44:19] [INFO] Loaded script addonpack_fsang_hero:kubejs_scripts/scourge_virus.js in 0.044 s
[02:44:19] [INFO] Loaded script addonpack_fsang_hero:kubejs_scripts/scoreboard_math.js in 0.001 s
[02:44:19] [INFO] Loaded script addonpack_fsang_hero:kubejs_scripts/scoreboard_ability.js in 0.0 s
[02:44:19] [INFO] Loaded script addonpack_fsang_hero:kubejs_scripts/scarab_shield.js in 0.0 s
[02:44:19] [INFO] Loaded script addonpack_fsang_hero:kubejs_scripts/scan_target_stats.js in 0.001 s
[02:44:19] [INFO] Loaded script addonpack_fsang_hero:kubejs_scripts/save_point.js in 0.001 s
[02:44:19] [INFO] Loaded script addonpack_fsang_hero:kubejs_scripts/safe_player_has_effect.js in 0.001 s
[02:44:19] [INFO] addonpack_fsang_hero:kubejs_scripts/rf_percentage_condition.js#2: Loaded Java class 'net.threetag.palladium.compat.curiostinkets.CuriosTrinketsUtil'
[02:44:19] [INFO] addonpack_fsang_hero:kubejs_scripts/rf_percentage_condition.js#3: Loaded Java class 'net.threetag.palladium.energy.EnergyHelper'
[02:44:19] [INFO] Loaded script addonpack_fsang_hero:kubejs_scripts/rf_percentage_condition.js in 0.028 s
[02:44:19] [INFO] addonpack_fsang_hero:kubejs_scripts/rf_hud.js#89: Loaded Java class 'net.minecraft.world.entity.EquipmentSlot'
[02:44:19] [INFO] Loaded script addonpack_fsang_hero:kubejs_scripts/rf_hud.js in 0.009 s
[02:44:19] [INFO] Loaded script addonpack_fsang_hero:kubejs_scripts/remove_power.js in 0.001 s
[02:44:19] [INFO] Loaded script addonpack_fsang_hero:kubejs_scripts/remove_hand_item_ability.js in 0.001 s
[02:44:19] [INFO] Loaded script addonpack_fsang_hero:kubejs_scripts/regenerative_healing.js in 0.0 s
[02:44:19] [INFO] Loaded script addonpack_fsang_hero:kubejs_scripts/redstone_pulse.js in 0.001 s
[02:44:19] [INFO] Loaded script addonpack_fsang_hero:kubejs_scripts/reality_herald.js in 0.001 s
[02:44:19] [INFO] addonpack_fsang_hero:kubejs_scripts/ray_mine.js#2: Loaded Java class 'net.minecraft.core.BlockPos'
[02:44:19] [INFO] Loaded script addonpack_fsang_hero:kubejs_scripts/ray_mine.js in 0.006 s
[02:44:19] [INFO] Loaded script addonpack_fsang_hero:kubejs_scripts/random_potion_effect.js in 0.001 s
[02:44:19] [INFO] Loaded script addonpack_fsang_hero:kubejs_scripts/radioactive_waste.js in 0.0 s
[02:44:19] [INFO] Loaded script addonpack_fsang_hero:kubejs_scripts/radioactive_liquid.js in 0.0 s
[02:44:19] [INFO] Loaded script addonpack_fsang_hero:kubejs_scripts/radiant_black_hole.js in 0.001 s
[02:44:19] [INFO] Loaded script addonpack_fsang_hero:kubejs_scripts/psychic_damage.js in 0.001 s
[02:44:19] [INFO] Loaded script addonpack_fsang_hero:kubejs_scripts/property_set.js in 0.0 s
[02:44:19] [INFO] addonpack_fsang_hero:kubejs_scripts/property_multi_attribute_modifier.js#2: Loaded Java class 'java.util.UUID'
[02:44:19] [INFO] Loaded script addonpack_fsang_hero:kubejs_scripts/property_multi_attribute_modifier.js in 0.005 s
[02:44:19] [INFO] addonpack_fsang_hero:kubejs_scripts/property_give.js#1: Loaded Java class 'net.minecraft.world.phys.AABB'
[02:44:19] [INFO] addonpack_fsang_hero:kubejs_scripts/property_give.js#2: Loaded Java class 'net.minecraft.world.entity.Entity'
[02:44:19] [INFO] addonpack_fsang_hero:kubejs_scripts/property_give.js#3: Loaded Java class 'net.minecraft.world.entity.EntityType'
[02:44:19] [INFO] Loaded script addonpack_fsang_hero:kubejs_scripts/property_give.js in 0.021 s
[02:44:19] [INFO] addonpack_fsang_hero:kubejs_scripts/projectile_offset.js#3: Loaded Java class 'net.minecraft.world.phys.Vec3'
[02:44:19] [INFO] Loaded script addonpack_fsang_hero:kubejs_scripts/projectile_offset.js in 0.004 s
[02:44:19] [INFO] Loaded script addonpack_fsang_hero:kubejs_scripts/power_selected.js in 0.001 s
[02:44:19] [INFO] Loaded script addonpack_fsang_hero:kubejs_scripts/power_reset.js in 0.001 s
[02:44:19] [INFO] Loaded script addonpack_fsang_hero:kubejs_scripts/power_negation_effects.js in 0.001 s
[02:44:19] [INFO] Loaded script addonpack_fsang_hero:kubejs_scripts/power_dampen.js in 0.0 s
[02:44:19] [INFO] Loaded script addonpack_fsang_hero:kubejs_scripts/potion_punch.js in 0.0 s
[02:44:19] [INFO] Loaded script addonpack_fsang_hero:kubejs_scripts/pocket_storage.js in 0.005 s
[02:44:19] [INFO] Loaded script addonpack_fsang_hero:kubejs_scripts/phoenix_healing.js in 0.001 s
[02:44:19] [INFO] Loaded script addonpack_fsang_hero:kubejs_scripts/phasing.js in 0.0 s
[02:44:19] [INFO] Loaded script addonpack_fsang_hero:kubejs_scripts/penance.js in 0.008 s
[02:44:19] [INFO] Loaded script addonpack_fsang_hero:kubejs_scripts/particle_shield.js in 0.002 s
[02:44:19] [INFO] Loaded script addonpack_fsang_hero:kubejs_scripts/palladium_property_ability.js in 0.001 s
[02:44:19] [INFO] Loaded script addonpack_fsang_hero:kubejs_scripts/no_movement.js in 0.005 s
[02:44:19] [INFO] addonpack_fsang_hero:kubejs_scripts/nearby_entity_with_power.js#5: Loaded Java class 'net.minecraft.world.entity.player.Player'
[02:44:19] [INFO] Loaded script addonpack_fsang_hero:kubejs_scripts/nearby_entity_with_power.js in 0.051 s
[02:44:19] [INFO] Loaded script addonpack_fsang_hero:kubejs_scripts/multi_attribute_modifier.js in 0.003 s
[02:44:19] [INFO] Loaded script addonpack_fsang_hero:kubejs_scripts/move_to_target.js in 0.0 s
[02:44:19] [INFO] Loaded script addonpack_fsang_hero:kubejs_scripts/movement_direction_condition.js in 0.001 s
[02:44:19] [INFO] Loaded script addonpack_fsang_hero:kubejs_scripts/mjolnir_block.js in 0.001 s
[02:44:19] [INFO] Loaded script addonpack_fsang_hero:kubejs_scripts/mine_block.js in 0.009 s
[02:44:19] [INFO] Loaded script addonpack_fsang_hero:kubejs_scripts/mindless_attack.js in 0.0 s
[02:44:19] [INFO] Loaded script addonpack_fsang_hero:kubejs_scripts/martian_skeleton.js in 0.001 s
[02:44:19] [INFO] Loaded script addonpack_fsang_hero:kubejs_scripts/magnetism_poisoning.js in 0.0 s
[02:44:19] [INFO] Loaded script addonpack_fsang_hero:kubejs_scripts/magnetic_hold.js in 0.002 s
[02:44:19] [INFO] Loaded script addonpack_fsang_hero:kubejs_scripts/list_power.js in 0.016 s
[02:44:19] [INFO] Loaded script addonpack_fsang_hero:kubejs_scripts/leap_scoreboard.js in 0.001 s
[02:44:19] [INFO] Loaded script addonpack_fsang_hero:kubejs_scripts/leap_back.js in 0.0 s
[02:44:19] [INFO] Loaded script addonpack_fsang_hero:kubejs_scripts/leap.js in 0.001 s
[02:44:19] [INFO] Loaded script addonpack_fsang_hero:kubejs_scripts/land_suffocation.js in 0.003 s
[02:44:19] [INFO] Loaded script addonpack_fsang_hero:kubejs_scripts/kryptonite_poisoning.js in 0.001 s
[02:44:19] [INFO] Loaded script addonpack_fsang_hero:kubejs_scripts/kryptonite.js in 0.0 s
[02:44:19] [INFO] Loaded script addonpack_fsang_hero:kubejs_scripts/kryptonain_skeleton.js in 0.0 s
[02:44:19] [INFO] Loaded script addonpack_fsang_hero:kubejs_scripts/kree_skeleton.js in 0.003 s
[02:44:19] [INFO] addonpack_fsang_hero:kubejs_scripts/kree_energy.js#2: Loaded Java class 'net.minecraftforge.event.entity.living.LivingHurtEvent'
[02:44:19] [INFO] Loaded script addonpack_fsang_hero:kubejs_scripts/kree_energy.js in 0.003 s
[02:44:19] [INFO] Loaded script addonpack_fsang_hero:kubejs_scripts/jumping.js in 0.001 s
[02:44:19] [INFO] Loaded script addonpack_fsang_hero:kubejs_scripts/iventory_condition.js in 0.001 s
[02:44:19] [INFO] Loaded script addonpack_fsang_hero:kubejs_scripts/is_rf_condition.js in 0.001 s
[02:44:19] [INFO] Loaded script addonpack_fsang_hero:kubejs_scripts/in_game_time_condition.js in 0.0 s
[02:44:19] [INFO] Loaded script addonpack_fsang_hero:kubejs_scripts/ice_block.js in 0.0 s
[02:44:19] [INFO] Loaded script addonpack_fsang_hero:kubejs_scripts/hunger.js in 0.0 s
[02:44:19] [INFO] Loaded script addonpack_fsang_hero:kubejs_scripts/hulk_out.js in 0.0 s
[02:44:19] [INFO] Loaded script addonpack_fsang_hero:kubejs_scripts/hellspawn.js in 0.0 s
[02:44:19] [INFO] Loaded script addonpack_fsang_hero:kubejs_scripts/height_condition.js in 0.001 s
[02:44:19] [INFO] Loaded script addonpack_fsang_hero:kubejs_scripts/health_below_percent.js in 0.0 s
[02:44:19] [INFO] Loaded script addonpack_fsang_hero:kubejs_scripts/head_rotation_condition.js in 0.0 s
[02:44:19] [INFO] Loaded script addonpack_fsang_hero:kubejs_scripts/hand_condition.js in 0.001 s
[02:44:19] [INFO] Loaded script addonpack_fsang_hero:kubejs_scripts/ground_distance.js in 0.0 s
[02:44:19] [INFO] Loaded script addonpack_fsang_hero:kubejs_scripts/grant_xgene.js in 0.0 s
[02:44:19] [INFO] Loaded script addonpack_fsang_hero:kubejs_scripts/grant_effect.js in 0.001 s
[02:44:19] [INFO] Loaded script addonpack_fsang_hero:kubejs_scripts/god_of_lightning.js in 0.0 s
[02:44:19] [INFO] Loaded script addonpack_fsang_hero:kubejs_scripts/glide.js in 0.001 s
[02:44:19] [INFO] Loaded script addonpack_fsang_hero:kubejs_scripts/get_uuid.js in 0.0 s
[02:44:19] [INFO] Loaded script addonpack_fsang_hero:kubejs_scripts/get_username.js in 0.001 s
[02:44:19] [INFO] Loaded script addonpack_fsang_hero:kubejs_scripts/get_energy_condition2.js in 0.001 s
[02:44:19] [INFO] Loaded script addonpack_fsang_hero:kubejs_scripts/get_energy_condition.js in 0.002 s
[02:44:19] [INFO] Loaded script addonpack_fsang_hero:kubejs_scripts/gamma_radiation.js in 0.0 s
[02:44:19] [INFO] addonpack_fsang_hero:kubejs_scripts/gamerules.js#1: Loaded Java class 'net.minecraft.world.level.GameRules'
[02:44:19] [INFO] Loaded script addonpack_fsang_hero:kubejs_scripts/gamerules.js in 0.007 s
[02:44:19] [INFO] addonpack_fsang_hero:kubejs_scripts/fsang_write_item_data.js#5: Loaded Java class 'net.minecraft.world.InteractionHand'
[02:44:19] [INFO] Loaded script addonpack_fsang_hero:kubejs_scripts/fsang_write_item_data.js in 0.012 s
[02:44:19] [INFO] Loaded script addonpack_fsang_hero:kubejs_scripts/fsang_rf_charger.js in 0.0 s
[02:44:19] [INFO] Loaded script addonpack_fsang_hero:kubejs_scripts/freezing.js in 0.001 s
[02:44:19] [INFO] Loaded script addonpack_fsang_hero:kubejs_scripts/first_person.js in 0.0 s
[02:44:19] [INFO] Loaded script addonpack_fsang_hero:kubejs_scripts/explosion.js in 0.001 s
[02:44:19] [INFO] addonpack_fsang_hero:kubejs_scripts/entity_nearby.js#60: Loaded Java class 'net.minecraft.world.entity.Mob'
[02:44:19] [INFO] addonpack_fsang_hero:kubejs_scripts/entity_nearby.js#61: Loaded Java class 'net.minecraft.world.entity.monster.Monster'
[02:44:19] [INFO] Loaded script addonpack_fsang_hero:kubejs_scripts/entity_nearby.js in 0.05 s
[02:44:19] [INFO] Loaded script addonpack_fsang_hero:kubejs_scripts/entity_motion.js in 0.003 s
[02:44:19] [INFO] Loaded script addonpack_fsang_hero:kubejs_scripts/entity_damage.js in 0.001 s
[02:44:19] [INFO] addonpack_fsang_hero:kubejs_scripts/enderchest_ability.js#2: Loaded Java class 'net.minecraft.network.chat.Component'
[02:44:19] [INFO] addonpack_fsang_hero:kubejs_scripts/enderchest_ability.js#3: Loaded Java class 'net.minecraft.world.inventory.ContainerLevelAccess'
[02:44:19] [INFO] addonpack_fsang_hero:kubejs_scripts/enderchest_ability.js#4: Loaded Java class 'net.minecraft.world.inventory.CraftingMenu'
[02:44:19] [INFO] addonpack_fsang_hero:kubejs_scripts/enderchest_ability.js#5: Loaded Java class 'net.minecraft.world.SimpleMenuProvider'
[02:44:19] [INFO] Loaded script addonpack_fsang_hero:kubejs_scripts/enderchest_ability.js in 0.017 s
[02:44:19] [INFO] Loaded script addonpack_fsang_hero:kubejs_scripts/effect_immunity.js in 0.001 s
[02:44:19] [INFO] Loaded script addonpack_fsang_hero:kubejs_scripts/earthquake.js in 0.011 s
[02:44:19] [INFO] Loaded script addonpack_fsang_hero:kubejs_scripts/dynamic_attribute.js in 0.001 s
[02:44:19] [INFO] Loaded script addonpack_fsang_hero:kubejs_scripts/drain_per_tick.js in 0.002 s
[02:44:19] [INFO] Loaded script addonpack_fsang_hero:kubejs_scripts/disarm.js in 0.0 s
[02:44:19] [INFO] Loaded script addonpack_fsang_hero:kubejs_scripts/decay_effect.js in 0.0 s
[02:44:19] [INFO] Loaded script addonpack_fsang_hero:kubejs_scripts/damage_reduction.js in 0.001 s
[02:44:19] [INFO] Loaded script addonpack_fsang_hero:kubejs_scripts/damage_divider.js in 0.001 s
[02:44:19] [INFO] Loaded script addonpack_fsang_hero:kubejs_scripts/curios_trinkets_condition.js in 0.001 s
[02:44:19] [INFO] Loaded script addonpack_fsang_hero:kubejs_scripts/cosmic_radiation.js in 0.0 s
[02:44:19] [INFO] addonpack_fsang_hero:kubejs_scripts/coord_menu.js#2: Loaded Java class 'net.threetag.palladium.power.SuperpowerUtil'
[02:44:19] [INFO] Loaded script addonpack_fsang_hero:kubejs_scripts/coord_menu.js in 0.015 s
[02:44:19] [INFO] Loaded script addonpack_fsang_hero:kubejs_scripts/cooldown_ability.js in 0.001 s
[02:44:19] [INFO] Loaded script addonpack_fsang_hero:kubejs_scripts/check_block.js in 0.0 s
[02:44:19] [INFO] Loaded script addonpack_fsang_hero:kubejs_scripts/charging.js in 0.0 s
[02:44:19] [INFO] Loaded script addonpack_fsang_hero:kubejs_scripts/chain_lightning.js in 0.001 s
[02:44:19] [INFO] Loaded script addonpack_fsang_hero:kubejs_scripts/block_condition.js in 0.001 s
[02:44:19] [INFO] Loaded script addonpack_fsang_hero:kubejs_scripts/blocking_condition.js in 0.001 s
[02:44:19] [INFO] Loaded script addonpack_fsang_hero:kubejs_scripts/biome_condition.js in 0.0 s
[02:44:19] [INFO] Loaded script addonpack_fsang_hero:kubejs_scripts/bifrost.js in 0.006 s
[02:44:19] [INFO] Loaded script addonpack_fsang_hero:kubejs_scripts/asgardian_effect.js in 0.001 s
[02:44:19] [INFO] Loaded script addonpack_fsang_hero:kubejs_scripts/armor_handling.js in 0.005 s
[02:44:19] [INFO] Loaded script addonpack_fsang_hero:kubejs_scripts/armor_durability.js in 0.0 s
[02:44:19] [INFO] Loaded script addonpack_fsang_hero:kubejs_scripts/aoe_repel.js in 0.0 s
[02:44:19] [INFO] Loaded script addonpack_fsang_hero:kubejs_scripts/any_power_condition.js in 0.0 s
[02:44:19] [INFO] Loaded script addonpack_fsang_hero:kubejs_scripts/ad_astra_breathing.js in 0.0 s
[02:44:19] [INFO] Loaded script addonpack_fsang_hero:kubejs_scripts/ad_astra_ability.js in 0.0 s
[02:44:19] [INFO] addonpack_omni_extras:kubejs_scripts/upchuck_swallow.js#2: Loaded Java class 'virtuoel.pehkui.api.ScaleTypes'
[02:44:19] [INFO] Loaded script addonpack_omni_extras:kubejs_scripts/upchuck_swallow.js in 0.008 s
[02:44:19] [INFO] Loaded script addonpack_omni_extras:kubejs_scripts/targeted.js in 0.001 s
[02:44:19] [INFO] Loaded script addonpack_omni_extras:kubejs_scripts/startupstuff.js in 0.001 s
[02:44:19] [INFO] Loaded script addonpack_omni_extras:kubejs_scripts/sounds.js in 0.001 s
[02:44:19] [INFO] Loaded script addonpack_omni_extras:kubejs_scripts/score_charge.js in 0.0 s
[02:44:19] [INFO] Loaded script addonpack_omni_extras:kubejs_scripts/rng_score.js in 0.0 s
[02:44:20] [INFO] Loaded script addonpack_omni_extras:kubejs_scripts/quake.js in 0.002 s
[02:44:20] [INFO] Loaded script addonpack_omni_extras:kubejs_scripts/punch_condition.js in 0.001 s
[02:44:20] [INFO] Loaded script addonpack_omni_extras:kubejs_scripts/property_set.js in 0.0 s
[02:44:20] [INFO] Loaded script addonpack_omni_extras:kubejs_scripts/has_effect.js in 0.0 s
[02:44:20] [INFO] addonpack_omni_extras:kubejs_scripts/grab.js#1: Loaded Java class 'net.minecraft.Util'
[02:44:20] [INFO] Loaded script addonpack_omni_extras:kubejs_scripts/grab.js in 0.015 s
[02:44:20] [INFO] Loaded script addonpack_omni_extras:kubejs_scripts/functions.js in 0.0 s
[02:44:20] [INFO] Loaded script addonpack_omni_extras:kubejs_scripts/energy.js in 0.001 s
[02:44:20] [INFO] addonpack_omni_extras:kubejs_scripts/drilling.js#2: Loaded Java class 'net.minecraft.world.level.block.Block'
[02:44:20] [INFO] addonpack_omni_extras:kubejs_scripts/drilling.js#4: Loaded Java class 'net.minecraft.world.item.Items'
[02:44:20] [INFO] addonpack_omni_extras:kubejs_scripts/drilling.js#5: Loaded Java class 'net.minecraft.world.item.ItemStack'
[02:44:20] [INFO] Loaded script addonpack_omni_extras:kubejs_scripts/drilling.js in 0.036 s
[02:44:20] [INFO] Loaded script addonpack_omni_extras:kubejs_scripts/detectwater.js in 0.003 s
[02:44:20] [INFO] Loaded script addonpack_omni_extras:kubejs_scripts/custom_projectile.js in 0.001 s
[02:44:20] [INFO] Loaded script addonpack_omni_extras:kubejs_scripts/conditions.js in 0.002 s
[02:44:20] [INFO] Loaded script addonpack_omni_extras:kubejs_scripts/aoe_stuff.js in 0.006 s
[02:44:20] [INFO] Loaded script addonpack_omni_extras:kubejs_scripts/alien_codex.js in 0.006 s
[02:44:20] [INFO] Loaded script addonpack_ult_core:kubejs_scripts/ult_core_removal.js in 0.026 s
[02:44:20] [INFO] Loaded script addonpack_florauna:kubejs_scripts/zip.js in 0.002 s
[02:44:20] [INFO] Loaded script addonpack_florauna:kubejs_scripts/sounds.js in 0.0 s
[02:44:20] [INFO] Loaded script addonpack_florauna:kubejs_scripts/alien_codex.js in 0.002 s
[02:44:20] [INFO] Loaded script addonpack_chrono_machina:kubejs_scripts/zz_chronosapien_color_base_patch.js in 0.001 s
[02:44:20] [INFO] Loaded script addonpack_chrono_machina:kubejs_scripts/alien_codex.js in 0.002 s
[02:44:20] [INFO] Loaded script addonpack_omniverse_time_pack:kubejs_scripts/effects.js in 0.0 s
[02:44:20] [INFO] Loaded script addonpack_omniverse_time_pack:kubejs_scripts/conditions.js in 0.0 s
[02:44:20] [INFO] Loaded script addonpack_omniverse_time_pack:kubejs_scripts/alien_codex.js in 0.005 s
[02:44:20] [INFO] Loaded script addonpack_omni_evo_aliens:kubejs_scripts/items.js in 0.0 s
[02:44:20] [INFO] Loaded script addonpack_omni_evo_aliens:kubejs_scripts/alien_codex.js in 0.003 s
[02:44:20] [INFO] Loaded script addonpack_omni_evo_aliens:kubejs_scripts/ad_astra_freeze_immunity.js in 0.0 s
[02:44:20] [INFO] Loaded script addonpack_bhmod:kubejs_scripts/alien_codex.js in 0.005 s
[02:44:20] [INFO] Loaded script addonpack_bhmod:kubejs_scripts/items.js in 0.0 s
[02:44:20] [INFO] Loaded script addonpack_amped:kubejs_scripts/uppercut.js in 0.001 s
[02:44:20] [INFO] Loaded script addonpack_amped:kubejs_scripts/scaredy_cat.js in 0.001 s
[02:44:20] [INFO] Loaded script addonpack_amped:kubejs_scripts/alien_codex.js in 0.006 s
[02:44:20] [INFO] Loaded script addonpack_afomni:kubejs_scripts/new_ice_block.js in 0.001 s
[02:44:20] [INFO] Loaded script addonpack_afomni:kubejs_scripts/leap_vax.js in 0.0 s
[02:44:20] [INFO] Loaded script addonpack_afomni:kubejs_scripts/is_mainhand.js in 0.0 s
[02:44:20] [INFO] Loaded script addonpack_afomni:kubejs_scripts/freezing_effect.js in 0.0 s
[02:44:20] [INFO] Loaded script addonpack_afomni:kubejs_scripts/chroma_leap.js in 0.0 s
[02:44:20] [INFO] Loaded script addonpack_afomni:kubejs_scripts/aoe_damage.js in 0.007 s
[02:44:20] [INFO] Loaded script addonpack_aeo:kubejs_scripts/transformmodified.js in 0.019 s
[02:44:20] [INFO] Loaded script addonpack_aeo:kubejs_scripts/sounds.js in 0.002 s
[02:44:20] [INFO] Loaded script addonpack_aeo:kubejs_scripts/ovcycle.js in 0.015 s
[02:44:20] [INFO] Loaded script addonpack_aeo:kubejs_scripts/modules.js in 0.006 s
[02:44:20] [INFO] Loaded script addonpack_aeo:kubejs_scripts/galvan_completed_blueprint.js in 0.001 s
[02:44:20] [INFO] Loaded script addonpack_aeo:kubejs_scripts/decouplemodified.js in 0.016 s
[02:44:20] [INFO] Loaded script addonpack_aeo:kubejs_scripts/core_removalmodified.js in 0.016 s
[02:44:20] [INFO] Loaded script addonpack_aeo:kubejs_scripts/core_functions.js in 0.0 s
[02:44:20] [INFO] Loaded script addonpack_aeo:kubejs_scripts/codesmodified.js in 0.002 s
[02:44:20] [INFO] Loaded script addonpack_aeo:kubejs_scripts/blocks.js in 0.001 s
[02:44:20] [INFO] Loaded script addonpack_aeo:kubejs_scripts/banger.js in 0.001 s
[02:44:20] [INFO] Loaded script addonpack_aeo:kubejs_scripts/alien_codex.js in 0.004 s
[02:44:20] [INFO] Loaded script addonpack_omni_evo:kubejs_scripts/watch_decouple.js in 0.022 s
[02:44:20] [INFO] Loaded script addonpack_omni_evo:kubejs_scripts/ultimates.js in 0.001 s
[02:44:20] [INFO] Loaded script addonpack_omni_evo:kubejs_scripts/recal_core_removal.js in 0.006 s
[02:44:20] [INFO] Loaded script addonpack_omni_evo:kubejs_scripts/rebirth.js in 0.001 s
[02:44:20] [INFO] Loaded script addonpack_omni_evo:kubejs_scripts/multi_attribute.js in 0.001 s
[02:44:20] [INFO] Loaded script addonpack_omni_evo:kubejs_scripts/items.js in 0.002 s
[02:44:20] [INFO] Loaded script addonpack_omni_evo:kubejs_scripts/block_placer.js in 0.006 s
[02:44:20] [INFO] Loaded script addonpack_omni_evo:kubejs_scripts/alien_codex.js in 0.004 s
[02:44:20] [INFO] Loaded script addonpack_stretchakln:kubejs_scripts/telekinesis.js in 0.006 s
[02:44:20] [INFO] Loaded script addonpack_stretchakln:kubejs_scripts/sounds.js in 0.0 s
[02:44:20] [INFO] Loaded script addonpack_stretchakln:kubejs_scripts/alien_codex.js in 0.002 s
[02:44:20] [INFO] Loaded script addonpack_fempack:kubejs_scripts/alien_codex.js in 0.005 s
[02:44:20] [INFO] Loaded script addonpack_chromastone:kubejs_scripts/hunger_fix2.js in 0.001 s
[02:44:20] [INFO] addonpack_chromastone:kubejs_scripts/effects.js#1: Loaded Java class 'net.minecraft.nbt.CompoundTag'
[02:44:20] [INFO] Loaded script addonpack_chromastone:kubejs_scripts/effects.js in 0.02 s
[02:44:20] [INFO] Loaded script addonpack_alienevo:kubejs_scripts/items.js in 0.001 s
[02:44:20] [INFO] Loaded script addonpack_alienevo:kubejs_scripts/wall_run_up.js in 0.0 s
[02:44:20] [INFO] Loaded script addonpack_alienevo:kubejs_scripts/wall_run_down.js in 0.0 s
[02:44:20] [INFO] Loaded script addonpack_alienevo:kubejs_scripts/wall_run.js in 0.001 s
[02:44:20] [INFO] Loaded script addonpack_alienevo:kubejs_scripts/wall_climb_small.js in 0.001 s
[02:44:20] [INFO] Loaded script addonpack_alienevo:kubejs_scripts/wall_climb_move_condition.js in 0.001 s
[02:44:20] [INFO] Loaded script addonpack_alienevo:kubejs_scripts/wall_climb_condition.js in 0.0 s
[02:44:20] [INFO] Loaded script addonpack_alienevo:kubejs_scripts/wall_climb.js in 0.004 s
[02:44:20] [INFO] Loaded script addonpack_alienevo:kubejs_scripts/transform.js in 0.008 s
[02:44:20] [INFO] Loaded script addonpack_alienevo:kubejs_scripts/store_armor.js in 0.0 s
[02:44:20] [INFO] Loaded script addonpack_alienevo:kubejs_scripts/stat_ability.js in 0.001 s
[02:44:20] [INFO] Loaded script addonpack_alienevo:kubejs_scripts/spawn_particles_block.js in 0.006 s
[02:44:20] [INFO] Loaded script addonpack_alienevo:kubejs_scripts/sounds.js in 0.001 s
[02:44:20] [INFO] Loaded script addonpack_alienevo:kubejs_scripts/slot_transform.js in 0.003 s
[02:44:20] [INFO] Loaded script addonpack_alienevo:kubejs_scripts/screen_shake.js in 0.001 s
[02:44:20] [INFO] Loaded script addonpack_alienevo:kubejs_scripts/rolling_mechanics.js in 0.004 s
[02:44:20] [INFO] Loaded script addonpack_alienevo:kubejs_scripts/recharge.js in 0.0 s
[02:44:20] [INFO] Loaded script addonpack_alienevo:kubejs_scripts/quick_change_wheel_condition.js in 0.0 s
[02:44:20] [INFO] Loaded script addonpack_alienevo:kubejs_scripts/quick_change.js in 0.001 s
[02:44:20] [INFO] Loaded script addonpack_alienevo:kubejs_scripts/pyro_surf.js in 0.003 s
[02:44:20] [INFO] Loaded script addonpack_alienevo:kubejs_scripts/projectile.js in 0.001 s
[02:44:20] [INFO] Loaded script addonpack_alienevo:kubejs_scripts/predator_vision.js in 0.001 s
[02:44:20] [INFO] Loaded script addonpack_alienevo:kubejs_scripts/playlist_cycle.js in 0.001 s
[02:44:20] [INFO] Loaded script addonpack_alienevo:kubejs_scripts/ore_detect.js in 0.002 s
[02:44:20] [INFO] Loaded script addonpack_alienevo:kubejs_scripts/omnitrix_timer.js in 0.003 s
[02:44:20] [INFO] Loaded script addonpack_alienevo:kubejs_scripts/omnitrix_cycle_animation.js in 0.001 s
[02:44:20] [INFO] Loaded script addonpack_alienevo:kubejs_scripts/omnitrix_cycle.js in 0.002 s
[02:44:20] [INFO] Loaded script addonpack_alienevo:kubejs_scripts/omni_properties.js in 0.0 s
[02:44:20] [INFO] Loaded script addonpack_alienevo:kubejs_scripts/motion_water.js in 0.001 s
[02:44:20] [INFO] Loaded script addonpack_alienevo:kubejs_scripts/motion_to_entity.js in 0.003 s
[02:44:20] [INFO] Loaded script addonpack_alienevo:kubejs_scripts/motion_dash.js in 0.0 s
[02:44:20] [INFO] Loaded script addonpack_alienevo:kubejs_scripts/motion.js in 0.0 s
[02:44:20] [INFO] Loaded script addonpack_alienevo:kubejs_scripts/items.js in 0.001 s
[02:44:20] [INFO] Loaded script addonpack_alienevo:kubejs_scripts/is_alien.js in 0.0 s
[02:44:20] [INFO] Loaded script addonpack_alienevo:kubejs_scripts/invulnerable.js in 0.0 s
[02:44:20] [INFO] Loaded script addonpack_alienevo:kubejs_scripts/infinity.js in 0.001 s
[02:44:20] [INFO] Loaded script addonpack_alienevo:kubejs_scripts/ice_layer.js in 0.001 s
[02:44:20] [INFO] Loaded script addonpack_alienevo:kubejs_scripts/hunger_fix.js in 0.0 s
[02:44:20] [INFO] Loaded script addonpack_alienevo:kubejs_scripts/ground_slam.js in 0.002 s
[02:44:20] [INFO] Loaded script addonpack_alienevo:kubejs_scripts/grapple.js in 0.002 s
[02:44:20] [INFO] Loaded script addonpack_alienevo:kubejs_scripts/goo_fire.js in 0.009 s
[02:44:20] [INFO] Loaded script addonpack_alienevo:kubejs_scripts/glow_crystals.js in 0.001 s
[02:44:20] [INFO] Loaded script addonpack_alienevo:kubejs_scripts/glide.js in 0.001 s
[02:44:20] [INFO] Loaded script addonpack_alienevo:kubejs_scripts/galvan_blueprints.js in 0.001 s
[02:44:20] [INFO] Loaded script addonpack_alienevo:kubejs_scripts/freeze_immunity.js in 0.0 s
[02:44:20] [INFO] Loaded script addonpack_alienevo:kubejs_scripts/flatten.js in 0.0 s
[02:44:20] [INFO] Loaded script addonpack_alienevo:kubejs_scripts/fire_immunity.js in 0.001 s
[02:44:20] [INFO] Loaded script addonpack_alienevo:kubejs_scripts/fire_absorb.js in 0.005 s
[02:44:20] [INFO] Loaded script addonpack_alienevo:kubejs_scripts/explosion.js in 0.0 s
[02:44:20] [INFO] Loaded script addonpack_alienevo:kubejs_scripts/entity_damage.js in 0.001 s
[02:44:20] [INFO] Loaded script addonpack_alienevo:kubejs_scripts/draganoid.js in 0.001 s
[02:44:20] [INFO] Loaded script addonpack_alienevo:kubejs_scripts/directional_damage.js in 0.002 s
[02:44:20] [INFO] Loaded script addonpack_alienevo:kubejs_scripts/diamond_creation.js in 0.004 s
[02:44:20] [INFO] Loaded script addonpack_alienevo:kubejs_scripts/detransform.js in 0.001 s
[02:44:20] [INFO] Loaded script addonpack_alienevo:kubejs_scripts/decouple.js in 0.009 s
[02:44:20] [INFO] Loaded script addonpack_alienevo:kubejs_scripts/damage_effect.js in 0.001 s
[02:44:20] [INFO] Loaded script addonpack_alienevo:kubejs_scripts/cycle_sounds.js in 0.001 s
[02:44:20] [INFO] Loaded script addonpack_alienevo:kubejs_scripts/current_alien_nickname_condition.js in 0.0 s
[02:44:20] [INFO] Loaded script addonpack_alienevo:kubejs_scripts/crystal_pillar.js in 0.008 s
[02:44:20] [INFO] Loaded script addonpack_alienevo:kubejs_scripts/core_removal.js in 0.007 s
[02:44:20] [INFO] Loaded script addonpack_alienevo:kubejs_scripts/color_modules.js in 0.001 s
[02:44:20] [INFO] Loaded script addonpack_alienevo:kubejs_scripts/codes.js in 0.001 s
[02:44:20] [INFO] Loaded script addonpack_alienevo:kubejs_scripts/charge_leap.js in 0.0 s
[02:44:20] [INFO] Loaded script addonpack_alienevo:kubejs_scripts/bounce.js in 0.001 s
[02:44:20] [INFO] Loaded script addonpack_alienevo:kubejs_scripts/blocks.js in 0.001 s
[02:44:20] [INFO] Loaded script addonpack_alienevo:kubejs_scripts/block_wave.js in 0.002 s
[02:44:20] [INFO] Loaded script addonpack_alienevo:kubejs_scripts/behind.js in 0.003 s
[02:44:20] [INFO] Loaded script addonpack_alienevo:kubejs_scripts/astro_powers.js in 0.004 s
[02:44:20] [INFO] Loaded script addonpack_alienevo:kubejs_scripts/alienevo_watch_condition.js in 0.003 s
[02:44:20] [INFO] Loaded script addonpack_alienevo:kubejs_scripts/alienevo_color_condition.js in 0.002 s
[02:44:20] [INFO] Loaded script addonpack_alienevo:kubejs_scripts/alien_codex.js in 0.008 s
[02:44:20] [INFO] Loaded script addonpack_alienevo:kubejs_scripts/alien_codex.js in 0.003 s
[02:44:20] [INFO] Loaded script addonpack_alienevo:kubejs_scripts/sounds.js in 0.002 s
[02:44:20] [INFO] Loaded script addonpack_aeroflame:kubejs_scripts/things.js in 0.003 s
[02:44:20] [INFO] Loaded script addonpack_aeroflame:kubejs_scripts/sounds.js in 0.002 s
[02:44:20] [INFO] Loaded script addonpack_aeroflame:kubejs_scripts/projectal.js in 0.003 s
[02:44:20] [INFO] Loaded script addonpack_aeroflame:kubejs_scripts/dome.js in 0.006 s
[02:44:20] [INFO] Loaded script addonpack_aeroflame:kubejs_scripts/aoeability.js in 0.003 s
[02:44:20] [INFO] Loaded script addonpack_aeroflame:kubejs_scripts/alien_codex.js in 0.0 s
[02:44:20] [INFO] Loaded script addonpack_aeroflame:kubejs_scripts/ad_astra_freeze_immunity.js in 0.0 s
[02:44:20] [INFO] Loaded script addonpack_spidermonkey:kubejs_scripts/swing.js in 0.004 s
[02:44:20] [INFO] Loaded script addonpack_spidermonkey:kubejs_scripts/sounds.js in 0.002 s
[02:44:20] [INFO] Loaded script addonpack_spidermonkey:kubejs_scripts/item.js in 0.001 s
[02:44:20] [INFO] Loaded script addonpack_spidermonkey:kubejs_scripts/effects.js in 0.001 s
[02:44:20] [INFO] Loaded script addonpack_spidermonkey:kubejs_scripts/climbing_movement.js in 0.0 s
[02:44:20] [INFO] Loaded script addonpack_spidermonkey:kubejs_scripts/climbing_condtion.js in 0.001 s
[02:44:20] [INFO] Loaded script addonpack_spidermonkey:kubejs_scripts/climb.js in 0.004 s
[02:44:20] [INFO] Loaded script addonpack_spidermonkey:kubejs_scripts/alien_codex.js in 0.001 s
[02:44:20] [INFO] Loaded script addonpack_aliens_reworked:kubejs_scripts/alien_codex.js in 0.024 s
[02:44:20] [INFO] Loaded script addonpack_galvan:kubejs_scripts/upgrade_template.js in 0.0 s
[02:44:20] [INFO] Loaded script addonpack_galvan:kubejs_scripts/is_falling.js in 0.0 s
[02:44:20] [INFO] Loaded script addonpack_galvan:kubejs_scripts/held_item.js in 0.0 s
[02:44:20] [INFO] Loaded script addonpack_galvan:kubejs_scripts/anvil.js in 0.001 s
[02:44:20] [INFO] Loaded 353/353 KubeJS startup scripts in 2.074 s with 0 errors and 0 warnings
[02:44:20] [INFO] addonpack_alienevo:kubejs_scripts/motion_to_entity.js#6: Loaded Java class 'net.minecraft.world.phys.HitResult'
[02:44:20] [INFO] addonpack_alienevo:kubejs_scripts/motion_to_entity.js#7: Loaded Java class 'net.minecraft.world.entity.decoration.ArmorStand'
[02:44:20] [INFO] addonpack_alienevo:kubejs_scripts/motion_to_entity.js#8: Loaded Java class 'net.minecraft.world.entity.boss.enderdragon.EndCrystal'
[02:44:20] [INFO] addonpack_fsang_hero:kubejs_scripts/block_condition.js#32: Loaded Java class 'net.minecraft.world.level.block.state.properties.BlockStateProperties'
[02:44:20] [INFO] addonpack_fsang_hero:kubejs_scripts/biome_condition.js#2: Loaded Java class 'net.minecraft.core.registries.Registries'
[02:44:20] [INFO] addonpack_fsang_hero:kubejs_scripts/biome_condition.js#3: Loaded Java class 'net.minecraft.tags.TagKey'
[02:44:20] [WARN] addonpack_fsang_hero:kubejs_scripts/vulcan_shield2.js#12: blockBuilder.material(string) is no longer supported! Use .soundType(SoundType) and .mapColor(MapColor) instead!
[02:44:20] [WARN] addonpack_fsang_hero:kubejs_scripts/vulcan_shield1.js#12: blockBuilder.material(string) is no longer supported! Use .soundType(SoundType) and .mapColor(MapColor) instead!
[02:44:20] [WARN] addonpack_fsang_hero:kubejs_scripts/scarab_shield.js#12: blockBuilder.material(string) is no longer supported! Use .soundType(SoundType) and .mapColor(MapColor) instead!
[02:44:26] [INFO] addonpack_alienevo:kubejs_scripts/glow_crystals.js#3: Loaded Java class 'dev.latvian.mods.kubejs.item.custom.BasicItemJS$Builder'
